Archive member included because of file (symbol)

../libopencm3/lib/libopencm3_stm32l0.a(rcc.o)
                              HAL.o (rcc_osc_on)
../libopencm3/lib/libopencm3_stm32l0.a(timer_common_all.o)
                              HAL.o (timer_reset)
../libopencm3/lib/libopencm3_stm32l0.a(gpio_common_all.o)
                              comm.o (gpio_set)
../libopencm3/lib/libopencm3_stm32l0.a(gpio_common_f0234.o)
                              HAL.o (gpio_mode_setup)
../libopencm3/lib/libopencm3_stm32l0.a(rcc_common_all.o)
                              HAL.o (rcc_periph_clock_enable)
../libopencm3/lib/libopencm3_stm32l0.a(exti_common_all.o)
                              comm.o (exti_reset_request)
../libopencm3/lib/libopencm3_stm32l0.a(vector.o)
                              (reset_handler)
../libopencm3/lib/libopencm3_stm32l0.a(systick.o)
                              HAL.o (systick_set_reload)
../libopencm3/lib/libopencm3_stm32l0.a(nvic.o)
                              HAL.o (nvic_enable_irq)
../libopencm3/lib/libopencm3_stm32l0.a(assert.o)
                              ../libopencm3/lib/libopencm3_stm32l0.a(rcc.o) (cm3_assert_failed)
/usr/bin/../lib/gcc/arm-none-eabi/4.9.3/armv6-m/libgcc.a(_thumb1_case_sqi.o)
                              ../libopencm3/lib/libopencm3_stm32l0.a(timer_common_all.o) (__gnu_thumb1_case_sqi)
/usr/bin/../lib/gcc/arm-none-eabi/4.9.3/armv6-m/libgcc.a(_thumb1_case_uqi.o)
                              ../libopencm3/lib/libopencm3_stm32l0.a(rcc.o) (__gnu_thumb1_case_uqi)
/usr/bin/../lib/gcc/arm-none-eabi/4.9.3/armv6-m/libgcc.a(_udivsi3.o)
                              ../libopencm3/lib/libopencm3_stm32l0.a(systick.o) (__aeabi_uidiv)
/usr/bin/../lib/gcc/arm-none-eabi/4.9.3/armv6-m/libgcc.a(_dvmd_tls.o)
                              /usr/bin/../lib/gcc/arm-none-eabi/4.9.3/armv6-m/libgcc.a(_udivsi3.o) (__aeabi_idiv0)

Discarded input sections

 .text          0x0000000000000000        0x0 comm.o
 .data          0x0000000000000000        0x0 comm.o
 .bss           0x0000000000000000        0x0 comm.o
 .text.readInputs
                0x0000000000000000       0x6c comm.o
 .text.writeDownstream
                0x0000000000000000       0x3c comm.o
 .text.initializeVars
                0x0000000000000000       0x3c comm.o
 .bss.active_output_pins
                0x0000000000000000       0x16 comm.o
 .bss.active_output_ports
                0x0000000000000000       0x2c comm.o
 .bss.message_buffer
                0x0000000000000000       0x2c comm.o
 .bss.messages_count
                0x0000000000000000        0x1 comm.o
 .bss.messages  0x0000000000000000       0x10 comm.o
 .bss.message_buffer_count
                0x0000000000000000        0xb comm.o
 .debug_info    0x0000000000000000      0x3e2 comm.o
 .debug_abbrev  0x0000000000000000      0x133 comm.o
 .debug_loc     0x0000000000000000       0x71 comm.o
 .debug_aranges
                0x0000000000000000       0x30 comm.o
 .debug_ranges  0x0000000000000000       0x20 comm.o
 .debug_line    0x0000000000000000      0x15f comm.o
 .debug_str     0x0000000000000000      0x4a3 comm.o
 .comment       0x0000000000000000       0x71 comm.o
 .debug_frame   0x0000000000000000       0x5c comm.o
 .ARM.attributes
                0x0000000000000000       0x32 comm.o
 .text          0x0000000000000000        0x0 HAL.o
 .data          0x0000000000000000        0x0 HAL.o
 .bss           0x0000000000000000        0x0 HAL.o
 .text.LEDfullWhite
                0x0000000000000000       0x2a HAL.o
 .bss.toggle    0x0000000000000000        0x1 HAL.o
 .text          0x0000000000000000        0x0 main.o
 .data          0x0000000000000000        0x0 main.o
 .bss           0x0000000000000000        0x0 main.o
 .group         0x0000000000000000        0x8 ../libopencm3/lib/libopencm3_stm32l0.a(rcc.o)
 .group         0x0000000000000000        0x8 ../libopencm3/lib/libopencm3_stm32l0.a(rcc.o)
 .group         0x0000000000000000        0x8 ../libopencm3/lib/libopencm3_stm32l0.a(rcc.o)
 .group         0x0000000000000000        0x8 ../libopencm3/lib/libopencm3_stm32l0.a(rcc.o)
 .group         0x0000000000000000        0x8 ../libopencm3/lib/libopencm3_stm32l0.a(rcc.o)
 .group         0x0000000000000000        0x8 ../libopencm3/lib/libopencm3_stm32l0.a(rcc.o)
 .group         0x0000000000000000        0x8 ../libopencm3/lib/libopencm3_stm32l0.a(rcc.o)
 .group         0x0000000000000000        0x8 ../libopencm3/lib/libopencm3_stm32l0.a(rcc.o)
 .group         0x0000000000000000        0x8 ../libopencm3/lib/libopencm3_stm32l0.a(rcc.o)
 .group         0x0000000000000000        0x8 ../libopencm3/lib/libopencm3_stm32l0.a(rcc.o)
 .group         0x0000000000000000        0x8 ../libopencm3/lib/libopencm3_stm32l0.a(rcc.o)
 .group         0x0000000000000000        0x8 ../libopencm3/lib/libopencm3_stm32l0.a(rcc.o)
 .text          0x0000000000000000        0x0 ../libopencm3/lib/libopencm3_stm32l0.a(rcc.o)
 .data          0x0000000000000000        0x0 ../libopencm3/lib/libopencm3_stm32l0.a(rcc.o)
 .bss           0x0000000000000000        0x0 ../libopencm3/lib/libopencm3_stm32l0.a(rcc.o)
 .text.rcc_osc_off
                0x0000000000000000       0x5c ../libopencm3/lib/libopencm3_stm32l0.a(rcc.o)
 .text.rcc_osc_bypass_enable
                0x0000000000000000       0x28 ../libopencm3/lib/libopencm3_stm32l0.a(rcc.o)
 .text.rcc_osc_bypass_disable
                0x0000000000000000       0x2c ../libopencm3/lib/libopencm3_stm32l0.a(rcc.o)
 .text.rcc_osc_ready_int_clear
                0x0000000000000000       0x3c ../libopencm3/lib/libopencm3_stm32l0.a(rcc.o)
 .text.rcc_osc_ready_int_enable
                0x0000000000000000       0x3c ../libopencm3/lib/libopencm3_stm32l0.a(rcc.o)
 .text.rcc_osc_ready_int_disable
                0x0000000000000000       0x3c ../libopencm3/lib/libopencm3_stm32l0.a(rcc.o)
 .text.rcc_osc_ready_int_flag
                0x0000000000000000       0x48 ../libopencm3/lib/libopencm3_stm32l0.a(rcc.o)
 .text.rcc_is_osc_ready
                0x0000000000000000       0x58 ../libopencm3/lib/libopencm3_stm32l0.a(rcc.o)
 .text.rcc_wait_for_osc_ready
                0x0000000000000000       0x10 ../libopencm3/lib/libopencm3_stm32l0.a(rcc.o)
 .text.rcc_set_hsi48_source_rc48
                0x0000000000000000       0x14 ../libopencm3/lib/libopencm3_stm32l0.a(rcc.o)
 .text.rcc_set_hsi48_source_pll
                0x0000000000000000       0x14 ../libopencm3/lib/libopencm3_stm32l0.a(rcc.o)
 .text.rcc_set_pll_multiplier
                0x0000000000000000       0x18 ../libopencm3/lib/libopencm3_stm32l0.a(rcc.o)
 .text.rcc_set_pll_divider
                0x0000000000000000       0x18 ../libopencm3/lib/libopencm3_stm32l0.a(rcc.o)
 .text.rcc_set_ppre1
                0x0000000000000000       0x18 ../libopencm3/lib/libopencm3_stm32l0.a(rcc.o)
 .text.rcc_set_ppre2
                0x0000000000000000       0x18 ../libopencm3/lib/libopencm3_stm32l0.a(rcc.o)
 .text.rcc_set_hpre
                0x0000000000000000       0x14 ../libopencm3/lib/libopencm3_stm32l0.a(rcc.o)
 .group         0x0000000000000000        0x8 ../libopencm3/lib/libopencm3_stm32l0.a(timer_common_all.o)
 .group         0x0000000000000000        0x8 ../libopencm3/lib/libopencm3_stm32l0.a(timer_common_all.o)
 .group         0x0000000000000000        0x8 ../libopencm3/lib/libopencm3_stm32l0.a(timer_common_all.o)
 .group         0x0000000000000000        0x8 ../libopencm3/lib/libopencm3_stm32l0.a(timer_common_all.o)
 .group         0x0000000000000000        0x8 ../libopencm3/lib/libopencm3_stm32l0.a(timer_common_all.o)
 .group         0x0000000000000000        0x8 ../libopencm3/lib/libopencm3_stm32l0.a(timer_common_all.o)
 .group         0x0000000000000000        0x8 ../libopencm3/lib/libopencm3_stm32l0.a(timer_common_all.o)
 .group         0x0000000000000000        0x8 ../libopencm3/lib/libopencm3_stm32l0.a(timer_common_all.o)
 .group         0x0000000000000000        0x8 ../libopencm3/lib/libopencm3_stm32l0.a(timer_common_all.o)
 .group         0x0000000000000000        0x8 ../libopencm3/lib/libopencm3_stm32l0.a(timer_common_all.o)
 .group         0x0000000000000000        0x8 ../libopencm3/lib/libopencm3_stm32l0.a(timer_common_all.o)
 .group         0x0000000000000000        0x8 ../libopencm3/lib/libopencm3_stm32l0.a(timer_common_all.o)
 .group         0x0000000000000000        0x8 ../libopencm3/lib/libopencm3_stm32l0.a(timer_common_all.o)
 .text          0x0000000000000000        0x0 ../libopencm3/lib/libopencm3_stm32l0.a(timer_common_all.o)
 .data          0x0000000000000000        0x0 ../libopencm3/lib/libopencm3_stm32l0.a(timer_common_all.o)
 .bss           0x0000000000000000        0x0 ../libopencm3/lib/libopencm3_stm32l0.a(timer_common_all.o)
 .text.timer_enable_irq
                0x0000000000000000        0x8 ../libopencm3/lib/libopencm3_stm32l0.a(timer_common_all.o)
 .text.timer_disable_irq
                0x0000000000000000        0x8 ../libopencm3/lib/libopencm3_stm32l0.a(timer_common_all.o)
 .text.timer_interrupt_source
                0x0000000000000000       0x16 ../libopencm3/lib/libopencm3_stm32l0.a(timer_common_all.o)
 .text.timer_get_flag
                0x0000000000000000        0xe ../libopencm3/lib/libopencm3_stm32l0.a(timer_common_all.o)
 .text.timer_clear_flag
                0x0000000000000000        0x6 ../libopencm3/lib/libopencm3_stm32l0.a(timer_common_all.o)
 .text.timer_set_clock_division
                0x0000000000000000       0x1c ../libopencm3/lib/libopencm3_stm32l0.a(timer_common_all.o)
 .text.timer_enable_preload
                0x0000000000000000        0xa ../libopencm3/lib/libopencm3_stm32l0.a(timer_common_all.o)
 .text.timer_disable_preload
                0x0000000000000000        0xa ../libopencm3/lib/libopencm3_stm32l0.a(timer_common_all.o)
 .text.timer_set_alignment
                0x0000000000000000       0x12 ../libopencm3/lib/libopencm3_stm32l0.a(timer_common_all.o)
 .text.timer_direction_up
                0x0000000000000000        0xa ../libopencm3/lib/libopencm3_stm32l0.a(timer_common_all.o)
 .text.timer_direction_down
                0x0000000000000000        0xa ../libopencm3/lib/libopencm3_stm32l0.a(timer_common_all.o)
 .text.timer_one_shot_mode
                0x0000000000000000        0xa ../libopencm3/lib/libopencm3_stm32l0.a(timer_common_all.o)
 .text.timer_continuous_mode
                0x0000000000000000        0xa ../libopencm3/lib/libopencm3_stm32l0.a(timer_common_all.o)
 .text.timer_update_on_any
                0x0000000000000000        0xa ../libopencm3/lib/libopencm3_stm32l0.a(timer_common_all.o)
 .text.timer_update_on_overflow
                0x0000000000000000        0xa ../libopencm3/lib/libopencm3_stm32l0.a(timer_common_all.o)
 .text.timer_enable_update_event
                0x0000000000000000        0xa ../libopencm3/lib/libopencm3_stm32l0.a(timer_common_all.o)
 .text.timer_disable_update_event
                0x0000000000000000        0xa ../libopencm3/lib/libopencm3_stm32l0.a(timer_common_all.o)
 .text.timer_disable_counter
                0x0000000000000000        0xa ../libopencm3/lib/libopencm3_stm32l0.a(timer_common_all.o)
 .text.timer_set_output_idle_state
                0x0000000000000000        0x2 ../libopencm3/lib/libopencm3_stm32l0.a(timer_common_all.o)
 .text.timer_reset_output_idle_state
                0x0000000000000000        0x2 ../libopencm3/lib/libopencm3_stm32l0.a(timer_common_all.o)
 .text.timer_set_ti1_ch123_xor
                0x0000000000000000        0xa ../libopencm3/lib/libopencm3_stm32l0.a(timer_common_all.o)
 .text.timer_set_ti1_ch1
                0x0000000000000000        0xa ../libopencm3/lib/libopencm3_stm32l0.a(timer_common_all.o)
 .text.timer_set_master_mode
                0x0000000000000000       0x10 ../libopencm3/lib/libopencm3_stm32l0.a(timer_common_all.o)
 .text.timer_set_dma_on_compare_event
                0x0000000000000000        0xa ../libopencm3/lib/libopencm3_stm32l0.a(timer_common_all.o)
 .text.timer_set_dma_on_update_event
                0x0000000000000000        0xa ../libopencm3/lib/libopencm3_stm32l0.a(timer_common_all.o)
 .text.timer_enable_compare_control_update_on_trigger
                0x0000000000000000        0x2 ../libopencm3/lib/libopencm3_stm32l0.a(timer_common_all.o)
 .text.timer_disable_compare_control_update_on_trigger
                0x0000000000000000        0x2 ../libopencm3/lib/libopencm3_stm32l0.a(timer_common_all.o)
 .text.timer_enable_preload_complementry_enable_bits
                0x0000000000000000        0x2 ../libopencm3/lib/libopencm3_stm32l0.a(timer_common_all.o)
 .text.timer_disable_preload_complementry_enable_bits
                0x0000000000000000        0x2 ../libopencm3/lib/libopencm3_stm32l0.a(timer_common_all.o)
 .text.timer_set_repetition_counter
                0x0000000000000000        0x2 ../libopencm3/lib/libopencm3_stm32l0.a(timer_common_all.o)
 .text.timer_enable_oc_clear
                0x0000000000000000       0x3a ../libopencm3/lib/libopencm3_stm32l0.a(timer_common_all.o)
 .text.timer_disable_oc_clear
                0x0000000000000000       0x40 ../libopencm3/lib/libopencm3_stm32l0.a(timer_common_all.o)
 .text.timer_set_oc_fast_mode
                0x0000000000000000       0x3a ../libopencm3/lib/libopencm3_stm32l0.a(timer_common_all.o)
 .text.timer_set_oc_slow_mode
                0x0000000000000000       0x40 ../libopencm3/lib/libopencm3_stm32l0.a(timer_common_all.o)
 .text.timer_enable_oc_preload
                0x0000000000000000       0x3a ../libopencm3/lib/libopencm3_stm32l0.a(timer_common_all.o)
 .text.timer_disable_oc_preload
                0x0000000000000000       0x40 ../libopencm3/lib/libopencm3_stm32l0.a(timer_common_all.o)
 .text.timer_set_oc_polarity_high
                0x0000000000000000       0x3c ../libopencm3/lib/libopencm3_stm32l0.a(timer_common_all.o)
 .text.timer_set_oc_polarity_low
                0x0000000000000000       0x36 ../libopencm3/lib/libopencm3_stm32l0.a(timer_common_all.o)
 .text.timer_disable_oc_output
                0x0000000000000000       0x3c ../libopencm3/lib/libopencm3_stm32l0.a(timer_common_all.o)
 .text.timer_set_oc_idle_state_set
                0x0000000000000000        0x2 ../libopencm3/lib/libopencm3_stm32l0.a(timer_common_all.o)
 .text.timer_set_oc_idle_state_unset
                0x0000000000000000        0x2 ../libopencm3/lib/libopencm3_stm32l0.a(timer_common_all.o)
 .text.timer_enable_break_main_output
                0x0000000000000000        0x2 ../libopencm3/lib/libopencm3_stm32l0.a(timer_common_all.o)
 .text.timer_disable_break_main_output
                0x0000000000000000        0x2 ../libopencm3/lib/libopencm3_stm32l0.a(timer_common_all.o)
 .text.timer_enable_break_automatic_output
                0x0000000000000000        0x2 ../libopencm3/lib/libopencm3_stm32l0.a(timer_common_all.o)
 .text.timer_disable_break_automatic_output
                0x0000000000000000        0x2 ../libopencm3/lib/libopencm3_stm32l0.a(timer_common_all.o)
 .text.timer_set_break_polarity_high
                0x0000000000000000        0x2 ../libopencm3/lib/libopencm3_stm32l0.a(timer_common_all.o)
 .text.timer_set_break_polarity_low
                0x0000000000000000        0x2 ../libopencm3/lib/libopencm3_stm32l0.a(timer_common_all.o)
 .text.timer_enable_break
                0x0000000000000000        0x2 ../libopencm3/lib/libopencm3_stm32l0.a(timer_common_all.o)
 .text.timer_disable_break
                0x0000000000000000        0x2 ../libopencm3/lib/libopencm3_stm32l0.a(timer_common_all.o)
 .text.timer_set_enabled_off_state_in_run_mode
                0x0000000000000000        0x2 ../libopencm3/lib/libopencm3_stm32l0.a(timer_common_all.o)
 .text.timer_set_disabled_off_state_in_run_mode
                0x0000000000000000        0x2 ../libopencm3/lib/libopencm3_stm32l0.a(timer_common_all.o)
 .text.timer_set_enabled_off_state_in_idle_mode
                0x0000000000000000        0x2 ../libopencm3/lib/libopencm3_stm32l0.a(timer_common_all.o)
 .text.timer_set_disabled_off_state_in_idle_mode
                0x0000000000000000        0x2 ../libopencm3/lib/libopencm3_stm32l0.a(timer_common_all.o)
 .text.timer_set_break_lock
                0x0000000000000000        0x2 ../libopencm3/lib/libopencm3_stm32l0.a(timer_common_all.o)
 .text.timer_set_deadtime
                0x0000000000000000        0x2 ../libopencm3/lib/libopencm3_stm32l0.a(timer_common_all.o)
 .text.timer_generate_event
                0x0000000000000000        0x8 ../libopencm3/lib/libopencm3_stm32l0.a(timer_common_all.o)
 .text.timer_get_counter
                0x0000000000000000        0x4 ../libopencm3/lib/libopencm3_stm32l0.a(timer_common_all.o)
 .text.timer_set_counter
                0x0000000000000000        0x4 ../libopencm3/lib/libopencm3_stm32l0.a(timer_common_all.o)
 .text.timer_ic_set_filter
                0x0000000000000000       0x58 ../libopencm3/lib/libopencm3_stm32l0.a(timer_common_all.o)
 .text.timer_ic_set_prescaler
                0x0000000000000000       0x58 ../libopencm3/lib/libopencm3_stm32l0.a(timer_common_all.o)
 .text.timer_ic_set_input
                0x0000000000000000       0x68 ../libopencm3/lib/libopencm3_stm32l0.a(timer_common_all.o)
 .text.timer_ic_enable
                0x0000000000000000       0x12 ../libopencm3/lib/libopencm3_stm32l0.a(timer_common_all.o)
 .text.timer_ic_disable
                0x0000000000000000        0xe ../libopencm3/lib/libopencm3_stm32l0.a(timer_common_all.o)
 .text.timer_slave_set_filter
                0x0000000000000000       0x18 ../libopencm3/lib/libopencm3_stm32l0.a(timer_common_all.o)
 .text.timer_slave_set_prescaler
                0x0000000000000000       0x18 ../libopencm3/lib/libopencm3_stm32l0.a(timer_common_all.o)
 .text.timer_slave_set_polarity
                0x0000000000000000       0x1c ../libopencm3/lib/libopencm3_stm32l0.a(timer_common_all.o)
 .text.timer_slave_set_mode
                0x0000000000000000       0x10 ../libopencm3/lib/libopencm3_stm32l0.a(timer_common_all.o)
 .text.timer_slave_set_trigger
                0x0000000000000000       0x10 ../libopencm3/lib/libopencm3_stm32l0.a(timer_common_all.o)
 .debug_macro   0x0000000000000000      0x820 ../libopencm3/lib/libopencm3_stm32l0.a(timer_common_all.o)
 .debug_macro   0x0000000000000000       0x22 ../libopencm3/lib/libopencm3_stm32l0.a(timer_common_all.o)
 .debug_macro   0x0000000000000000       0x44 ../libopencm3/lib/libopencm3_stm32l0.a(timer_common_all.o)
 .debug_macro   0x0000000000000000       0xe3 ../libopencm3/lib/libopencm3_stm32l0.a(timer_common_all.o)
 .debug_macro   0x0000000000000000       0x22 ../libopencm3/lib/libopencm3_stm32l0.a(timer_common_all.o)
 .debug_macro   0x0000000000000000      0x1df ../libopencm3/lib/libopencm3_stm32l0.a(timer_common_all.o)
 .debug_macro   0x0000000000000000       0x22 ../libopencm3/lib/libopencm3_stm32l0.a(timer_common_all.o)
 .debug_macro   0x0000000000000000       0xfa ../libopencm3/lib/libopencm3_stm32l0.a(timer_common_all.o)
 .debug_macro   0x0000000000000000       0x34 ../libopencm3/lib/libopencm3_stm32l0.a(timer_common_all.o)
 .debug_macro   0x0000000000000000      0x148 ../libopencm3/lib/libopencm3_stm32l0.a(timer_common_all.o)
 .debug_macro   0x0000000000000000      0x8a4 ../libopencm3/lib/libopencm3_stm32l0.a(timer_common_all.o)
 .group         0x0000000000000000        0x8 ../libopencm3/lib/libopencm3_stm32l0.a(gpio_common_all.o)
 .group         0x0000000000000000        0x8 ../libopencm3/lib/libopencm3_stm32l0.a(gpio_common_all.o)
 .group         0x0000000000000000        0x8 ../libopencm3/lib/libopencm3_stm32l0.a(gpio_common_all.o)
 .group         0x0000000000000000        0x8 ../libopencm3/lib/libopencm3_stm32l0.a(gpio_common_all.o)
 .group         0x0000000000000000        0x8 ../libopencm3/lib/libopencm3_stm32l0.a(gpio_common_all.o)
 .group         0x0000000000000000        0x8 ../libopencm3/lib/libopencm3_stm32l0.a(gpio_common_all.o)
 .group         0x0000000000000000        0x8 ../libopencm3/lib/libopencm3_stm32l0.a(gpio_common_all.o)
 .group         0x0000000000000000        0x8 ../libopencm3/lib/libopencm3_stm32l0.a(gpio_common_all.o)
 .group         0x0000000000000000        0x8 ../libopencm3/lib/libopencm3_stm32l0.a(gpio_common_all.o)
 .group         0x0000000000000000        0x8 ../libopencm3/lib/libopencm3_stm32l0.a(gpio_common_all.o)
 .group         0x0000000000000000        0x8 ../libopencm3/lib/libopencm3_stm32l0.a(gpio_common_all.o)
 .group         0x0000000000000000        0x8 ../libopencm3/lib/libopencm3_stm32l0.a(gpio_common_all.o)
 .group         0x0000000000000000        0x8 ../libopencm3/lib/libopencm3_stm32l0.a(gpio_common_all.o)
 .group         0x0000000000000000        0x8 ../libopencm3/lib/libopencm3_stm32l0.a(gpio_common_all.o)
 .text          0x0000000000000000        0x0 ../libopencm3/lib/libopencm3_stm32l0.a(gpio_common_all.o)
 .data          0x0000000000000000        0x0 ../libopencm3/lib/libopencm3_stm32l0.a(gpio_common_all.o)
 .bss           0x0000000000000000        0x0 ../libopencm3/lib/libopencm3_stm32l0.a(gpio_common_all.o)
 .text.gpio_set
                0x0000000000000000        0x4 ../libopencm3/lib/libopencm3_stm32l0.a(gpio_common_all.o)
 .text.gpio_clear
                0x0000000000000000        0x6 ../libopencm3/lib/libopencm3_stm32l0.a(gpio_common_all.o)
 .text.gpio_get
                0x0000000000000000        0x6 ../libopencm3/lib/libopencm3_stm32l0.a(gpio_common_all.o)
 .text.gpio_port_read
                0x0000000000000000        0x6 ../libopencm3/lib/libopencm3_stm32l0.a(gpio_common_all.o)
 .text.gpio_port_write
                0x0000000000000000        0x4 ../libopencm3/lib/libopencm3_stm32l0.a(gpio_common_all.o)
 .text.gpio_port_config_lock
                0x0000000000000000       0x12 ../libopencm3/lib/libopencm3_stm32l0.a(gpio_common_all.o)
 .debug_macro   0x0000000000000000      0x820 ../libopencm3/lib/libopencm3_stm32l0.a(gpio_common_all.o)
 .debug_macro   0x0000000000000000       0x22 ../libopencm3/lib/libopencm3_stm32l0.a(gpio_common_all.o)
 .debug_macro   0x0000000000000000       0x44 ../libopencm3/lib/libopencm3_stm32l0.a(gpio_common_all.o)
 .debug_macro   0x0000000000000000       0xe3 ../libopencm3/lib/libopencm3_stm32l0.a(gpio_common_all.o)
 .debug_macro   0x0000000000000000       0x22 ../libopencm3/lib/libopencm3_stm32l0.a(gpio_common_all.o)
 .debug_macro   0x0000000000000000      0x1df ../libopencm3/lib/libopencm3_stm32l0.a(gpio_common_all.o)
 .debug_macro   0x0000000000000000       0x22 ../libopencm3/lib/libopencm3_stm32l0.a(gpio_common_all.o)
 .debug_macro   0x0000000000000000       0xfa ../libopencm3/lib/libopencm3_stm32l0.a(gpio_common_all.o)
 .debug_macro   0x0000000000000000       0x34 ../libopencm3/lib/libopencm3_stm32l0.a(gpio_common_all.o)
 .debug_macro   0x0000000000000000      0x148 ../libopencm3/lib/libopencm3_stm32l0.a(gpio_common_all.o)
 .group         0x0000000000000000        0x8 ../libopencm3/lib/libopencm3_stm32l0.a(gpio_common_f0234.o)
 .group         0x0000000000000000        0x8 ../libopencm3/lib/libopencm3_stm32l0.a(gpio_common_f0234.o)
 .group         0x0000000000000000        0x8 ../libopencm3/lib/libopencm3_stm32l0.a(gpio_common_f0234.o)
 .group         0x0000000000000000        0x8 ../libopencm3/lib/libopencm3_stm32l0.a(gpio_common_f0234.o)
 .group         0x0000000000000000        0x8 ../libopencm3/lib/libopencm3_stm32l0.a(gpio_common_f0234.o)
 .group         0x0000000000000000        0x8 ../libopencm3/lib/libopencm3_stm32l0.a(gpio_common_f0234.o)
 .group         0x0000000000000000        0x8 ../libopencm3/lib/libopencm3_stm32l0.a(gpio_common_f0234.o)
 .group         0x0000000000000000        0x8 ../libopencm3/lib/libopencm3_stm32l0.a(gpio_common_f0234.o)
 .group         0x0000000000000000        0x8 ../libopencm3/lib/libopencm3_stm32l0.a(gpio_common_f0234.o)
 .group         0x0000000000000000        0x8 ../libopencm3/lib/libopencm3_stm32l0.a(gpio_common_f0234.o)
 .group         0x0000000000000000        0x8 ../libopencm3/lib/libopencm3_stm32l0.a(gpio_common_f0234.o)
 .group         0x0000000000000000        0x8 ../libopencm3/lib/libopencm3_stm32l0.a(gpio_common_f0234.o)
 .group         0x0000000000000000        0x8 ../libopencm3/lib/libopencm3_stm32l0.a(gpio_common_f0234.o)
 .group         0x0000000000000000        0x8 ../libopencm3/lib/libopencm3_stm32l0.a(gpio_common_f0234.o)
 .text          0x0000000000000000        0x0 ../libopencm3/lib/libopencm3_stm32l0.a(gpio_common_f0234.o)
 .data          0x0000000000000000        0x0 ../libopencm3/lib/libopencm3_stm32l0.a(gpio_common_f0234.o)
 .bss           0x0000000000000000        0x0 ../libopencm3/lib/libopencm3_stm32l0.a(gpio_common_f0234.o)
 .debug_macro   0x0000000000000000      0x820 ../libopencm3/lib/libopencm3_stm32l0.a(gpio_common_f0234.o)
 .debug_macro   0x0000000000000000       0x22 ../libopencm3/lib/libopencm3_stm32l0.a(gpio_common_f0234.o)
 .debug_macro   0x0000000000000000       0x44 ../libopencm3/lib/libopencm3_stm32l0.a(gpio_common_f0234.o)
 .debug_macro   0x0000000000000000       0xe3 ../libopencm3/lib/libopencm3_stm32l0.a(gpio_common_f0234.o)
 .debug_macro   0x0000000000000000       0x22 ../libopencm3/lib/libopencm3_stm32l0.a(gpio_common_f0234.o)
 .debug_macro   0x0000000000000000      0x1df ../libopencm3/lib/libopencm3_stm32l0.a(gpio_common_f0234.o)
 .debug_macro   0x0000000000000000       0x22 ../libopencm3/lib/libopencm3_stm32l0.a(gpio_common_f0234.o)
 .debug_macro   0x0000000000000000       0xfa ../libopencm3/lib/libopencm3_stm32l0.a(gpio_common_f0234.o)
 .debug_macro   0x0000000000000000       0x34 ../libopencm3/lib/libopencm3_stm32l0.a(gpio_common_f0234.o)
 .debug_macro   0x0000000000000000      0x148 ../libopencm3/lib/libopencm3_stm32l0.a(gpio_common_f0234.o)
 .debug_macro   0x0000000000000000       0x76 ../libopencm3/lib/libopencm3_stm32l0.a(gpio_common_f0234.o)
 .debug_macro   0x0000000000000000      0x2e6 ../libopencm3/lib/libopencm3_stm32l0.a(gpio_common_f0234.o)
 .debug_macro   0x0000000000000000      0x14e ../libopencm3/lib/libopencm3_stm32l0.a(gpio_common_f0234.o)
 .debug_macro   0x0000000000000000       0x3a ../libopencm3/lib/libopencm3_stm32l0.a(gpio_common_f0234.o)
 .group         0x0000000000000000        0x8 ../libopencm3/lib/libopencm3_stm32l0.a(rcc_common_all.o)
 .group         0x0000000000000000        0x8 ../libopencm3/lib/libopencm3_stm32l0.a(rcc_common_all.o)
 .group         0x0000000000000000        0x8 ../libopencm3/lib/libopencm3_stm32l0.a(rcc_common_all.o)
 .group         0x0000000000000000        0x8 ../libopencm3/lib/libopencm3_stm32l0.a(rcc_common_all.o)
 .group         0x0000000000000000        0x8 ../libopencm3/lib/libopencm3_stm32l0.a(rcc_common_all.o)
 .group         0x0000000000000000        0x8 ../libopencm3/lib/libopencm3_stm32l0.a(rcc_common_all.o)
 .group         0x0000000000000000        0x8 ../libopencm3/lib/libopencm3_stm32l0.a(rcc_common_all.o)
 .group         0x0000000000000000        0x8 ../libopencm3/lib/libopencm3_stm32l0.a(rcc_common_all.o)
 .group         0x0000000000000000        0x8 ../libopencm3/lib/libopencm3_stm32l0.a(rcc_common_all.o)
 .group         0x0000000000000000        0x8 ../libopencm3/lib/libopencm3_stm32l0.a(rcc_common_all.o)
 .group         0x0000000000000000        0x8 ../libopencm3/lib/libopencm3_stm32l0.a(rcc_common_all.o)
 .text          0x0000000000000000        0x0 ../libopencm3/lib/libopencm3_stm32l0.a(rcc_common_all.o)
 .data          0x0000000000000000        0x0 ../libopencm3/lib/libopencm3_stm32l0.a(rcc_common_all.o)
 .bss           0x0000000000000000        0x0 ../libopencm3/lib/libopencm3_stm32l0.a(rcc_common_all.o)
 .text.rcc_peripheral_enable_clock
                0x0000000000000000        0x8 ../libopencm3/lib/libopencm3_stm32l0.a(rcc_common_all.o)
 .text.rcc_peripheral_disable_clock
                0x0000000000000000        0x8 ../libopencm3/lib/libopencm3_stm32l0.a(rcc_common_all.o)
 .text.rcc_peripheral_reset
                0x0000000000000000        0x8 ../libopencm3/lib/libopencm3_stm32l0.a(rcc_common_all.o)
 .text.rcc_peripheral_clear_reset
                0x0000000000000000        0x8 ../libopencm3/lib/libopencm3_stm32l0.a(rcc_common_all.o)
 .text.rcc_periph_clock_disable
                0x0000000000000000       0x1c ../libopencm3/lib/libopencm3_stm32l0.a(rcc_common_all.o)
 .text.rcc_periph_reset_hold
                0x0000000000000000       0x20 ../libopencm3/lib/libopencm3_stm32l0.a(rcc_common_all.o)
 .text.rcc_periph_reset_release
                0x0000000000000000       0x1c ../libopencm3/lib/libopencm3_stm32l0.a(rcc_common_all.o)
 .text.rcc_set_mco
                0x0000000000000000       0x18 ../libopencm3/lib/libopencm3_stm32l0.a(rcc_common_all.o)
 .debug_macro   0x0000000000000000      0x820 ../libopencm3/lib/libopencm3_stm32l0.a(rcc_common_all.o)
 .debug_macro   0x0000000000000000       0x22 ../libopencm3/lib/libopencm3_stm32l0.a(rcc_common_all.o)
 .debug_macro   0x0000000000000000       0x44 ../libopencm3/lib/libopencm3_stm32l0.a(rcc_common_all.o)
 .debug_macro   0x0000000000000000       0xe3 ../libopencm3/lib/libopencm3_stm32l0.a(rcc_common_all.o)
 .debug_macro   0x0000000000000000       0x22 ../libopencm3/lib/libopencm3_stm32l0.a(rcc_common_all.o)
 .debug_macro   0x0000000000000000      0x1df ../libopencm3/lib/libopencm3_stm32l0.a(rcc_common_all.o)
 .debug_macro   0x0000000000000000       0x22 ../libopencm3/lib/libopencm3_stm32l0.a(rcc_common_all.o)
 .debug_macro   0x0000000000000000       0xfa ../libopencm3/lib/libopencm3_stm32l0.a(rcc_common_all.o)
 .debug_macro   0x0000000000000000       0x34 ../libopencm3/lib/libopencm3_stm32l0.a(rcc_common_all.o)
 .debug_macro   0x0000000000000000      0x148 ../libopencm3/lib/libopencm3_stm32l0.a(rcc_common_all.o)
 .debug_macro   0x0000000000000000      0x8a4 ../libopencm3/lib/libopencm3_stm32l0.a(rcc_common_all.o)
 .group         0x0000000000000000        0x8 ../libopencm3/lib/libopencm3_stm32l0.a(exti_common_all.o)
 .group         0x0000000000000000        0x8 ../libopencm3/lib/libopencm3_stm32l0.a(exti_common_all.o)
 .group         0x0000000000000000        0x8 ../libopencm3/lib/libopencm3_stm32l0.a(exti_common_all.o)
 .group         0x0000000000000000        0x8 ../libopencm3/lib/libopencm3_stm32l0.a(exti_common_all.o)
 .group         0x0000000000000000        0x8 ../libopencm3/lib/libopencm3_stm32l0.a(exti_common_all.o)
 .group         0x0000000000000000        0x8 ../libopencm3/lib/libopencm3_stm32l0.a(exti_common_all.o)
 .group         0x0000000000000000        0x8 ../libopencm3/lib/libopencm3_stm32l0.a(exti_common_all.o)
 .group         0x0000000000000000        0x8 ../libopencm3/lib/libopencm3_stm32l0.a(exti_common_all.o)
 .group         0x0000000000000000        0x8 ../libopencm3/lib/libopencm3_stm32l0.a(exti_common_all.o)
 .group         0x0000000000000000        0x8 ../libopencm3/lib/libopencm3_stm32l0.a(exti_common_all.o)
 .group         0x0000000000000000        0x8 ../libopencm3/lib/libopencm3_stm32l0.a(exti_common_all.o)
 .group         0x0000000000000000        0x8 ../libopencm3/lib/libopencm3_stm32l0.a(exti_common_all.o)
 .group         0x0000000000000000        0x8 ../libopencm3/lib/libopencm3_stm32l0.a(exti_common_all.o)
 .group         0x0000000000000000        0x8 ../libopencm3/lib/libopencm3_stm32l0.a(exti_common_all.o)
 .group         0x0000000000000000        0x8 ../libopencm3/lib/libopencm3_stm32l0.a(exti_common_all.o)
 .group         0x0000000000000000        0x8 ../libopencm3/lib/libopencm3_stm32l0.a(exti_common_all.o)
 .text          0x0000000000000000        0x0 ../libopencm3/lib/libopencm3_stm32l0.a(exti_common_all.o)
 .data          0x0000000000000000        0x0 ../libopencm3/lib/libopencm3_stm32l0.a(exti_common_all.o)
 .bss           0x0000000000000000        0x0 ../libopencm3/lib/libopencm3_stm32l0.a(exti_common_all.o)
 .text.exti_set_trigger
                0x0000000000000000       0x40 ../libopencm3/lib/libopencm3_stm32l0.a(exti_common_all.o)
 .text.exti_enable_request
                0x0000000000000000       0x1c ../libopencm3/lib/libopencm3_stm32l0.a(exti_common_all.o)
 .text.exti_disable_request
                0x0000000000000000       0x1c ../libopencm3/lib/libopencm3_stm32l0.a(exti_common_all.o)
 .text.exti_reset_request
                0x0000000000000000        0xc ../libopencm3/lib/libopencm3_stm32l0.a(exti_common_all.o)
 .text.exti_get_flag_status
                0x0000000000000000        0xc ../libopencm3/lib/libopencm3_stm32l0.a(exti_common_all.o)
 .text.exti_select_source
                0x0000000000000000       0x6c ../libopencm3/lib/libopencm3_stm32l0.a(exti_common_all.o)
 .debug_info    0x0000000000000000      0x204 ../libopencm3/lib/libopencm3_stm32l0.a(exti_common_all.o)
 .debug_abbrev  0x0000000000000000       0xe5 ../libopencm3/lib/libopencm3_stm32l0.a(exti_common_all.o)
 .debug_loc     0x0000000000000000      0x174 ../libopencm3/lib/libopencm3_stm32l0.a(exti_common_all.o)
 .debug_aranges
                0x0000000000000000       0x48 ../libopencm3/lib/libopencm3_stm32l0.a(exti_common_all.o)
 .debug_ranges  0x0000000000000000       0x38 ../libopencm3/lib/libopencm3_stm32l0.a(exti_common_all.o)
 .debug_macro   0x0000000000000000       0xec ../libopencm3/lib/libopencm3_stm32l0.a(exti_common_all.o)
 .debug_macro   0x0000000000000000      0x820 ../libopencm3/lib/libopencm3_stm32l0.a(exti_common_all.o)
 .debug_macro   0x0000000000000000       0x22 ../libopencm3/lib/libopencm3_stm32l0.a(exti_common_all.o)
 .debug_macro   0x0000000000000000       0x44 ../libopencm3/lib/libopencm3_stm32l0.a(exti_common_all.o)
 .debug_macro   0x0000000000000000       0xe3 ../libopencm3/lib/libopencm3_stm32l0.a(exti_common_all.o)
 .debug_macro   0x0000000000000000       0x22 ../libopencm3/lib/libopencm3_stm32l0.a(exti_common_all.o)
 .debug_macro   0x0000000000000000      0x1df ../libopencm3/lib/libopencm3_stm32l0.a(exti_common_all.o)
 .debug_macro   0x0000000000000000       0x22 ../libopencm3/lib/libopencm3_stm32l0.a(exti_common_all.o)
 .debug_macro   0x0000000000000000       0xfa ../libopencm3/lib/libopencm3_stm32l0.a(exti_common_all.o)
 .debug_macro   0x0000000000000000       0x34 ../libopencm3/lib/libopencm3_stm32l0.a(exti_common_all.o)
 .debug_macro   0x0000000000000000      0x148 ../libopencm3/lib/libopencm3_stm32l0.a(exti_common_all.o)
 .debug_macro   0x0000000000000000      0x112 ../libopencm3/lib/libopencm3_stm32l0.a(exti_common_all.o)
 .debug_macro   0x0000000000000000       0x76 ../libopencm3/lib/libopencm3_stm32l0.a(exti_common_all.o)
 .debug_macro   0x0000000000000000      0x2e6 ../libopencm3/lib/libopencm3_stm32l0.a(exti_common_all.o)
 .debug_macro   0x0000000000000000      0x14e ../libopencm3/lib/libopencm3_stm32l0.a(exti_common_all.o)
 .debug_macro   0x0000000000000000       0x3a ../libopencm3/lib/libopencm3_stm32l0.a(exti_common_all.o)
 .debug_macro   0x0000000000000000      0x136 ../libopencm3/lib/libopencm3_stm32l0.a(exti_common_all.o)
 .debug_line    0x0000000000000000      0x32f ../libopencm3/lib/libopencm3_stm32l0.a(exti_common_all.o)
 .debug_str     0x0000000000000000     0x5dca ../libopencm3/lib/libopencm3_stm32l0.a(exti_common_all.o)
 .comment       0x0000000000000000       0x71 ../libopencm3/lib/libopencm3_stm32l0.a(exti_common_all.o)
 .debug_frame   0x0000000000000000       0x80 ../libopencm3/lib/libopencm3_stm32l0.a(exti_common_all.o)
 .ARM.attributes
                0x0000000000000000       0x32 ../libopencm3/lib/libopencm3_stm32l0.a(exti_common_all.o)
 .group         0x0000000000000000        0x8 ../libopencm3/lib/libopencm3_stm32l0.a(vector.o)
 .group         0x0000000000000000        0x8 ../libopencm3/lib/libopencm3_stm32l0.a(vector.o)
 .group         0x0000000000000000        0x8 ../libopencm3/lib/libopencm3_stm32l0.a(vector.o)
 .group         0x0000000000000000        0x8 ../libopencm3/lib/libopencm3_stm32l0.a(vector.o)
 .group         0x0000000000000000        0x8 ../libopencm3/lib/libopencm3_stm32l0.a(vector.o)
 .group         0x0000000000000000        0x8 ../libopencm3/lib/libopencm3_stm32l0.a(vector.o)
 .group         0x0000000000000000        0x8 ../libopencm3/lib/libopencm3_stm32l0.a(vector.o)
 .group         0x0000000000000000        0x8 ../libopencm3/lib/libopencm3_stm32l0.a(vector.o)
 .group         0x0000000000000000        0x8 ../libopencm3/lib/libopencm3_stm32l0.a(vector.o)
 .group         0x0000000000000000        0x8 ../libopencm3/lib/libopencm3_stm32l0.a(vector.o)
 .group         0x0000000000000000        0x8 ../libopencm3/lib/libopencm3_stm32l0.a(vector.o)
 .group         0x0000000000000000        0x8 ../libopencm3/lib/libopencm3_stm32l0.a(vector.o)
 .text          0x0000000000000000        0x0 ../libopencm3/lib/libopencm3_stm32l0.a(vector.o)
 .data          0x0000000000000000        0x0 ../libopencm3/lib/libopencm3_stm32l0.a(vector.o)
 .bss           0x0000000000000000        0x0 ../libopencm3/lib/libopencm3_stm32l0.a(vector.o)
 .debug_macro   0x0000000000000000      0x820 ../libopencm3/lib/libopencm3_stm32l0.a(vector.o)
 .debug_macro   0x0000000000000000       0x34 ../libopencm3/lib/libopencm3_stm32l0.a(vector.o)
 .debug_macro   0x0000000000000000       0x22 ../libopencm3/lib/libopencm3_stm32l0.a(vector.o)
 .debug_macro   0x0000000000000000       0x44 ../libopencm3/lib/libopencm3_stm32l0.a(vector.o)
 .debug_macro   0x0000000000000000       0xe3 ../libopencm3/lib/libopencm3_stm32l0.a(vector.o)
 .debug_macro   0x0000000000000000       0x22 ../libopencm3/lib/libopencm3_stm32l0.a(vector.o)
 .debug_macro   0x0000000000000000      0x1df ../libopencm3/lib/libopencm3_stm32l0.a(vector.o)
 .debug_macro   0x0000000000000000       0x22 ../libopencm3/lib/libopencm3_stm32l0.a(vector.o)
 .debug_macro   0x0000000000000000       0xfa ../libopencm3/lib/libopencm3_stm32l0.a(vector.o)
 .group         0x0000000000000000        0x8 ../libopencm3/lib/libopencm3_stm32l0.a(systick.o)
 .group         0x0000000000000000        0x8 ../libopencm3/lib/libopencm3_stm32l0.a(systick.o)
 .group         0x0000000000000000        0x8 ../libopencm3/lib/libopencm3_stm32l0.a(systick.o)
 .group         0x0000000000000000        0x8 ../libopencm3/lib/libopencm3_stm32l0.a(systick.o)
 .group         0x0000000000000000        0x8 ../libopencm3/lib/libopencm3_stm32l0.a(systick.o)
 .group         0x0000000000000000        0x8 ../libopencm3/lib/libopencm3_stm32l0.a(systick.o)
 .group         0x0000000000000000        0x8 ../libopencm3/lib/libopencm3_stm32l0.a(systick.o)
 .group         0x0000000000000000        0x8 ../libopencm3/lib/libopencm3_stm32l0.a(systick.o)
 .group         0x0000000000000000        0x8 ../libopencm3/lib/libopencm3_stm32l0.a(systick.o)
 .group         0x0000000000000000        0x8 ../libopencm3/lib/libopencm3_stm32l0.a(systick.o)
 .text          0x0000000000000000        0x0 ../libopencm3/lib/libopencm3_stm32l0.a(systick.o)
 .data          0x0000000000000000        0x0 ../libopencm3/lib/libopencm3_stm32l0.a(systick.o)
 .bss           0x0000000000000000        0x0 ../libopencm3/lib/libopencm3_stm32l0.a(systick.o)
 .text.systick_get_reload
                0x0000000000000000       0x10 ../libopencm3/lib/libopencm3_stm32l0.a(systick.o)
 .text.systick_get_value
                0x0000000000000000       0x10 ../libopencm3/lib/libopencm3_stm32l0.a(systick.o)
 .text.systick_set_frequency
                0x0000000000000000       0x28 ../libopencm3/lib/libopencm3_stm32l0.a(systick.o)
 .text.systick_interrupt_disable
                0x0000000000000000       0x10 ../libopencm3/lib/libopencm3_stm32l0.a(systick.o)
 .text.systick_counter_disable
                0x0000000000000000       0x10 ../libopencm3/lib/libopencm3_stm32l0.a(systick.o)
 .text.systick_get_countflag
                0x0000000000000000       0x10 ../libopencm3/lib/libopencm3_stm32l0.a(systick.o)
 .text.systick_clear
                0x0000000000000000        0xc ../libopencm3/lib/libopencm3_stm32l0.a(systick.o)
 .text.systick_get_calib
                0x0000000000000000       0x10 ../libopencm3/lib/libopencm3_stm32l0.a(systick.o)
 .debug_macro   0x0000000000000000      0x820 ../libopencm3/lib/libopencm3_stm32l0.a(systick.o)
 .debug_macro   0x0000000000000000       0x34 ../libopencm3/lib/libopencm3_stm32l0.a(systick.o)
 .debug_macro   0x0000000000000000       0x22 ../libopencm3/lib/libopencm3_stm32l0.a(systick.o)
 .debug_macro   0x0000000000000000       0x44 ../libopencm3/lib/libopencm3_stm32l0.a(systick.o)
 .debug_macro   0x0000000000000000       0xe3 ../libopencm3/lib/libopencm3_stm32l0.a(systick.o)
 .debug_macro   0x0000000000000000       0x22 ../libopencm3/lib/libopencm3_stm32l0.a(systick.o)
 .debug_macro   0x0000000000000000      0x1df ../libopencm3/lib/libopencm3_stm32l0.a(systick.o)
 .debug_macro   0x0000000000000000       0x22 ../libopencm3/lib/libopencm3_stm32l0.a(systick.o)
 .debug_macro   0x0000000000000000       0xfa ../libopencm3/lib/libopencm3_stm32l0.a(systick.o)
 .group         0x0000000000000000        0x8 ../libopencm3/lib/libopencm3_stm32l0.a(nvic.o)
 .group         0x0000000000000000        0x8 ../libopencm3/lib/libopencm3_stm32l0.a(nvic.o)
 .group         0x0000000000000000        0x8 ../libopencm3/lib/libopencm3_stm32l0.a(nvic.o)
 .group         0x0000000000000000        0x8 ../libopencm3/lib/libopencm3_stm32l0.a(nvic.o)
 .group         0x0000000000000000        0x8 ../libopencm3/lib/libopencm3_stm32l0.a(nvic.o)
 .group         0x0000000000000000        0x8 ../libopencm3/lib/libopencm3_stm32l0.a(nvic.o)
 .group         0x0000000000000000        0x8 ../libopencm3/lib/libopencm3_stm32l0.a(nvic.o)
 .group         0x0000000000000000        0x8 ../libopencm3/lib/libopencm3_stm32l0.a(nvic.o)
 .group         0x0000000000000000        0x8 ../libopencm3/lib/libopencm3_stm32l0.a(nvic.o)
 .group         0x0000000000000000        0x8 ../libopencm3/lib/libopencm3_stm32l0.a(nvic.o)
 .group         0x0000000000000000        0x8 ../libopencm3/lib/libopencm3_stm32l0.a(nvic.o)
 .group         0x0000000000000000        0x8 ../libopencm3/lib/libopencm3_stm32l0.a(nvic.o)
 .text          0x0000000000000000        0x0 ../libopencm3/lib/libopencm3_stm32l0.a(nvic.o)
 .data          0x0000000000000000        0x0 ../libopencm3/lib/libopencm3_stm32l0.a(nvic.o)
 .bss           0x0000000000000000        0x0 ../libopencm3/lib/libopencm3_stm32l0.a(nvic.o)
 .text.nvic_disable_irq
                0x0000000000000000       0x18 ../libopencm3/lib/libopencm3_stm32l0.a(nvic.o)
 .text.nvic_get_pending_irq
                0x0000000000000000       0x24 ../libopencm3/lib/libopencm3_stm32l0.a(nvic.o)
 .text.nvic_set_pending_irq
                0x0000000000000000       0x18 ../libopencm3/lib/libopencm3_stm32l0.a(nvic.o)
 .text.nvic_clear_pending_irq
                0x0000000000000000       0x18 ../libopencm3/lib/libopencm3_stm32l0.a(nvic.o)
 .text.nvic_get_irq_enabled
                0x0000000000000000       0x24 ../libopencm3/lib/libopencm3_stm32l0.a(nvic.o)
 .debug_macro   0x0000000000000000      0x820 ../libopencm3/lib/libopencm3_stm32l0.a(nvic.o)
 .debug_macro   0x0000000000000000       0x22 ../libopencm3/lib/libopencm3_stm32l0.a(nvic.o)
 .debug_macro   0x0000000000000000       0x44 ../libopencm3/lib/libopencm3_stm32l0.a(nvic.o)
 .debug_macro   0x0000000000000000       0xe3 ../libopencm3/lib/libopencm3_stm32l0.a(nvic.o)
 .debug_macro   0x0000000000000000       0x22 ../libopencm3/lib/libopencm3_stm32l0.a(nvic.o)
 .debug_macro   0x0000000000000000      0x1df ../libopencm3/lib/libopencm3_stm32l0.a(nvic.o)
 .debug_macro   0x0000000000000000       0x22 ../libopencm3/lib/libopencm3_stm32l0.a(nvic.o)
 .debug_macro   0x0000000000000000       0xfa ../libopencm3/lib/libopencm3_stm32l0.a(nvic.o)
 .debug_macro   0x0000000000000000       0x34 ../libopencm3/lib/libopencm3_stm32l0.a(nvic.o)
 .debug_macro   0x0000000000000000       0xca ../libopencm3/lib/libopencm3_stm32l0.a(nvic.o)
 .group         0x0000000000000000        0x8 ../libopencm3/lib/libopencm3_stm32l0.a(assert.o)
 .group         0x0000000000000000        0x8 ../libopencm3/lib/libopencm3_stm32l0.a(assert.o)
 .group         0x0000000000000000        0x8 ../libopencm3/lib/libopencm3_stm32l0.a(assert.o)
 .group         0x0000000000000000        0x8 ../libopencm3/lib/libopencm3_stm32l0.a(assert.o)
 .group         0x0000000000000000        0x8 ../libopencm3/lib/libopencm3_stm32l0.a(assert.o)
 .group         0x0000000000000000        0x8 ../libopencm3/lib/libopencm3_stm32l0.a(assert.o)
 .group         0x0000000000000000        0x8 ../libopencm3/lib/libopencm3_stm32l0.a(assert.o)
 .group         0x0000000000000000        0x8 ../libopencm3/lib/libopencm3_stm32l0.a(assert.o)
 .group         0x0000000000000000        0x8 ../libopencm3/lib/libopencm3_stm32l0.a(assert.o)
 .text          0x0000000000000000        0x0 ../libopencm3/lib/libopencm3_stm32l0.a(assert.o)
 .data          0x0000000000000000        0x0 ../libopencm3/lib/libopencm3_stm32l0.a(assert.o)
 .bss           0x0000000000000000        0x0 ../libopencm3/lib/libopencm3_stm32l0.a(assert.o)
 .text.cm3_assert_failed
                0x0000000000000000        0x2 ../libopencm3/lib/libopencm3_stm32l0.a(assert.o)
 .text.cm3_assert_failed_verbose
                0x0000000000000000        0x6 ../libopencm3/lib/libopencm3_stm32l0.a(assert.o)
 .debug_info    0x0000000000000000       0xee ../libopencm3/lib/libopencm3_stm32l0.a(assert.o)
 .debug_abbrev  0x0000000000000000       0x89 ../libopencm3/lib/libopencm3_stm32l0.a(assert.o)
 .debug_loc     0x0000000000000000       0x84 ../libopencm3/lib/libopencm3_stm32l0.a(assert.o)
 .debug_aranges
                0x0000000000000000       0x28 ../libopencm3/lib/libopencm3_stm32l0.a(assert.o)
 .debug_ranges  0x0000000000000000       0x18 ../libopencm3/lib/libopencm3_stm32l0.a(assert.o)
 .debug_macro   0x0000000000000000       0x7b ../libopencm3/lib/libopencm3_stm32l0.a(assert.o)
 .debug_macro   0x0000000000000000      0x820 ../libopencm3/lib/libopencm3_stm32l0.a(assert.o)
 .debug_macro   0x0000000000000000       0x22 ../libopencm3/lib/libopencm3_stm32l0.a(assert.o)
 .debug_macro   0x0000000000000000       0x44 ../libopencm3/lib/libopencm3_stm32l0.a(assert.o)
 .debug_macro   0x0000000000000000       0xe3 ../libopencm3/lib/libopencm3_stm32l0.a(assert.o)
 .debug_macro   0x0000000000000000       0x22 ../libopencm3/lib/libopencm3_stm32l0.a(assert.o)
 .debug_macro   0x0000000000000000      0x1df ../libopencm3/lib/libopencm3_stm32l0.a(assert.o)
 .debug_macro   0x0000000000000000       0x22 ../libopencm3/lib/libopencm3_stm32l0.a(assert.o)
 .debug_macro   0x0000000000000000       0xfa ../libopencm3/lib/libopencm3_stm32l0.a(assert.o)
 .debug_macro   0x0000000000000000       0x16 ../libopencm3/lib/libopencm3_stm32l0.a(assert.o)
 .debug_line    0x0000000000000000      0x176 ../libopencm3/lib/libopencm3_stm32l0.a(assert.o)
 .debug_str     0x0000000000000000     0x3481 ../libopencm3/lib/libopencm3_stm32l0.a(assert.o)
 .comment       0x0000000000000000       0x71 ../libopencm3/lib/libopencm3_stm32l0.a(assert.o)
 .debug_frame   0x0000000000000000       0x38 ../libopencm3/lib/libopencm3_stm32l0.a(assert.o)
 .ARM.attributes
                0x0000000000000000       0x32 ../libopencm3/lib/libopencm3_stm32l0.a(assert.o)
 .data          0x0000000000000000        0x0 /usr/bin/../lib/gcc/arm-none-eabi/4.9.3/armv6-m/libgcc.a(_thumb1_case_sqi.o)
 .bss           0x0000000000000000        0x0 /usr/bin/../lib/gcc/arm-none-eabi/4.9.3/armv6-m/libgcc.a(_thumb1_case_sqi.o)
 .data          0x0000000000000000        0x0 /usr/bin/../lib/gcc/arm-none-eabi/4.9.3/armv6-m/libgcc.a(_thumb1_case_uqi.o)
 .bss           0x0000000000000000        0x0 /usr/bin/../lib/gcc/arm-none-eabi/4.9.3/armv6-m/libgcc.a(_thumb1_case_uqi.o)
 .text          0x0000000000000000      0x120 /usr/bin/../lib/gcc/arm-none-eabi/4.9.3/armv6-m/libgcc.a(_udivsi3.o)
 .data          0x0000000000000000        0x0 /usr/bin/../lib/gcc/arm-none-eabi/4.9.3/armv6-m/libgcc.a(_udivsi3.o)
 .bss           0x0000000000000000        0x0 /usr/bin/../lib/gcc/arm-none-eabi/4.9.3/armv6-m/libgcc.a(_udivsi3.o)
 .debug_frame   0x0000000000000000       0x20 /usr/bin/../lib/gcc/arm-none-eabi/4.9.3/armv6-m/libgcc.a(_udivsi3.o)
 .ARM.attributes
                0x0000000000000000       0x1e /usr/bin/../lib/gcc/arm-none-eabi/4.9.3/armv6-m/libgcc.a(_udivsi3.o)
 .text          0x0000000000000000        0x4 /usr/bin/../lib/gcc/arm-none-eabi/4.9.3/armv6-m/libgcc.a(_dvmd_tls.o)
 .data          0x0000000000000000        0x0 /usr/bin/../lib/gcc/arm-none-eabi/4.9.3/armv6-m/libgcc.a(_dvmd_tls.o)
 .bss           0x0000000000000000        0x0 /usr/bin/../lib/gcc/arm-none-eabi/4.9.3/armv6-m/libgcc.a(_dvmd_tls.o)
 .ARM.attributes
                0x0000000000000000       0x1e /usr/bin/../lib/gcc/arm-none-eabi/4.9.3/armv6-m/libgcc.a(_dvmd_tls.o)

Memory Configuration

Name             Origin             Length             Attributes
rom              0x0000000008000000 0x0000000000004000 xr
ram              0x0000000020000000 0x0000000000000800 xrw
eep              0x0000000008080000 0x0000000000000000 r
*default*        0x0000000000000000 0xffffffffffffffff

Linker script and memory map

LOAD comm.o
LOAD HAL.o
LOAD main.o
LOAD ../libopencm3/lib/libopencm3_stm32l0.a
START GROUP
LOAD /usr/bin/../lib/gcc/arm-none-eabi/4.9.3/../../../../arm-none-eabi/lib/armv6-m/libc.a
LOAD /usr/bin/../lib/gcc/arm-none-eabi/4.9.3/armv6-m/libgcc.a
LOAD /usr/bin/../lib/gcc/arm-none-eabi/4.9.3/../../../../arm-none-eabi/lib/armv6-m/libnosys.a
END GROUP
START GROUP
LOAD /usr/bin/../lib/gcc/arm-none-eabi/4.9.3/armv6-m/libgcc.a
LOAD /usr/bin/../lib/gcc/arm-none-eabi/4.9.3/../../../../arm-none-eabi/lib/armv6-m/libc.a
END GROUP

.text           0x0000000008000000     0x101c
 *(.vectors)
 .vectors       0x0000000008000000       0xc0 ../libopencm3/lib/libopencm3_stm32l0.a(vector.o)
                0x0000000008000000                vector_table
 *(.text*)
 .text.clock_setup
                0x00000000080000c0       0x10 HAL.o
                0x00000000080000c0                clock_setup
 .text.gpio_setup
                0x00000000080000d0       0x60 HAL.o
                0x00000000080000d0                gpio_setup
 .text.tim_setup
                0x0000000008000130       0xf8 HAL.o
                0x0000000008000130                tim_setup
 .text.nvic_setup
                0x0000000008000228       0x12 HAL.o
                0x0000000008000228                nvic_setup
 *fill*         0x000000000800023a        0x2 
 .text.tim21_isr
                0x000000000800023c       0x10 HAL.o
                0x000000000800023c                tim21_isr
 .text.sys_tick_handler
                0x000000000800024c       0x10 HAL.o
                0x000000000800024c                sys_tick_handler
 .text.systick_setup
                0x000000000800025c       0x28 HAL.o
                0x000000000800025c                systick_setup
 .text.setLED   0x0000000008000284       0x74 HAL.o
                0x0000000008000284                setLED
 .text.startup.main
                0x00000000080002f8       0x28 main.o
                0x00000000080002f8                main
 .text.rcc_osc_on
                0x0000000008000320       0x54 ../libopencm3/lib/libopencm3_stm32l0.a(rcc.o)
                0x0000000008000320                rcc_osc_on
 .text.rcc_set_sysclk_source
                0x0000000008000374       0x44 ../libopencm3/lib/libopencm3_stm32l0.a(rcc.o)
                0x0000000008000374                rcc_set_sysclk_source
 .text.timer_reset
                0x00000000080003b8       0x4c ../libopencm3/lib/libopencm3_stm32l0.a(timer_common_all.o)
                0x00000000080003b8                timer_reset
 .text.timer_set_mode
                0x0000000008000404       0x18 ../libopencm3/lib/libopencm3_stm32l0.a(timer_common_all.o)
                0x0000000008000404                timer_set_mode
 .text.timer_enable_counter
                0x000000000800041c        0xa ../libopencm3/lib/libopencm3_stm32l0.a(timer_common_all.o)
                0x000000000800041c                timer_enable_counter
 .text.timer_set_prescaler
                0x0000000008000426        0x4 ../libopencm3/lib/libopencm3_stm32l0.a(timer_common_all.o)
                0x0000000008000426                timer_set_prescaler
 .text.timer_set_period
                0x000000000800042a        0x4 ../libopencm3/lib/libopencm3_stm32l0.a(timer_common_all.o)
                0x000000000800042a                timer_set_period
 *fill*         0x000000000800042e        0x2 
 .text.timer_set_oc_mode
                0x0000000008000430      0x14c ../libopencm3/lib/libopencm3_stm32l0.a(timer_common_all.o)
                0x0000000008000430                timer_set_oc_mode
 .text.timer_enable_oc_output
                0x000000000800057c       0x36 ../libopencm3/lib/libopencm3_stm32l0.a(timer_common_all.o)
                0x000000000800057c                timer_enable_oc_output
 .text.timer_set_oc_value
                0x00000000080005b2       0x26 ../libopencm3/lib/libopencm3_stm32l0.a(timer_common_all.o)
                0x00000000080005b2                timer_set_oc_value
 .text.gpio_toggle
                0x00000000080005d8       0x10 ../libopencm3/lib/libopencm3_stm32l0.a(gpio_common_all.o)
                0x00000000080005d8                gpio_toggle
 .text.gpio_mode_setup
                0x00000000080005e8       0x3c ../libopencm3/lib/libopencm3_stm32l0.a(gpio_common_f0234.o)
                0x00000000080005e8                gpio_mode_setup
 .text.gpio_set_output_options
                0x0000000008000624       0x36 ../libopencm3/lib/libopencm3_stm32l0.a(gpio_common_f0234.o)
                0x0000000008000624                gpio_set_output_options
 .text.gpio_set_af
                0x000000000800065a       0x4e ../libopencm3/lib/libopencm3_stm32l0.a(gpio_common_f0234.o)
                0x000000000800065a                gpio_set_af
 .text.rcc_periph_clock_enable
                0x00000000080006a8       0x20 ../libopencm3/lib/libopencm3_stm32l0.a(rcc_common_all.o)
                0x00000000080006a8                rcc_periph_clock_enable
 .text.rcc_periph_reset_pulse
                0x00000000080006c8       0x24 ../libopencm3/lib/libopencm3_stm32l0.a(rcc_common_all.o)
                0x00000000080006c8                rcc_periph_reset_pulse
 .text.blocking_handler
                0x00000000080006ec        0x2 ../libopencm3/lib/libopencm3_stm32l0.a(vector.o)
                0x00000000080006ec                rtc_isr
                0x00000000080006ec                blocking_handler
                0x00000000080006ec                tsc_isr
                0x00000000080006ec                spi1_isr
                0x00000000080006ec                i2c1_isr
                0x00000000080006ec                i2c2_isr
                0x00000000080006ec                usart1_isr
                0x00000000080006ec                reserved4_isr
                0x00000000080006ec                exti2_3_isr
                0x00000000080006ec                reserved5_isr
                0x00000000080006ec                lptim1_isr
                0x00000000080006ec                pvd_isr
                0x00000000080006ec                lpuart1_isr
                0x00000000080006ec                rcc_isr
                0x00000000080006ec                reserved3_isr
                0x00000000080006ec                flash_isr
                0x00000000080006ec                hard_fault_handler
                0x00000000080006ec                spi2_isr
                0x00000000080006ec                usb_isr
                0x00000000080006ec                usart2_isr
                0x00000000080006ec                adc_comp_isr
                0x00000000080006ec                reserved2_isr
                0x00000000080006ec                reserved1_isr
                0x00000000080006ec                dma1_channel1_isr
                0x00000000080006ec                tim6_dac_isr
                0x00000000080006ec                lcd_isr
                0x00000000080006ec                dma1_channel2_3_isr
                0x00000000080006ec                tim22_isr
                0x00000000080006ec                exti4_15_isr
                0x00000000080006ec                wwdg_isr
                0x00000000080006ec                tim2_isr
                0x00000000080006ec                dma1_channel4_5_isr
                0x00000000080006ec                exti0_1_isr
 .text.null_handler
                0x00000000080006ee        0x2 ../libopencm3/lib/libopencm3_stm32l0.a(vector.o)
                0x00000000080006ee                null_handler
                0x00000000080006ee                sv_call_handler
                0x00000000080006ee                pend_sv_handler
                0x00000000080006ee                nmi_handler
 .text.reset_handler
                0x00000000080006f0       0x8c ../libopencm3/lib/libopencm3_stm32l0.a(vector.o)
                0x00000000080006f0                reset_handler
 .text.systick_set_reload
                0x000000000800077c       0x10 ../libopencm3/lib/libopencm3_stm32l0.a(systick.o)
                0x000000000800077c                systick_set_reload
 .text.systick_set_clocksource
                0x000000000800078c       0x14 ../libopencm3/lib/libopencm3_stm32l0.a(systick.o)
                0x000000000800078c                systick_set_clocksource
 .text.systick_interrupt_enable
                0x00000000080007a0       0x10 ../libopencm3/lib/libopencm3_stm32l0.a(systick.o)
                0x00000000080007a0                systick_interrupt_enable
 .text.systick_counter_enable
                0x00000000080007b0       0x10 ../libopencm3/lib/libopencm3_stm32l0.a(systick.o)
                0x00000000080007b0                systick_counter_enable
 .text.nvic_enable_irq
                0x00000000080007c0       0x18 ../libopencm3/lib/libopencm3_stm32l0.a(nvic.o)
                0x00000000080007c0                nvic_enable_irq
 .text.nvic_set_priority
                0x00000000080007d8       0x1c ../libopencm3/lib/libopencm3_stm32l0.a(nvic.o)
                0x00000000080007d8                nvic_set_priority
 .text          0x00000000080007f4       0x14 /usr/bin/../lib/gcc/arm-none-eabi/4.9.3/armv6-m/libgcc.a(_thumb1_case_sqi.o)
                0x00000000080007f4                __gnu_thumb1_case_sqi
 .text          0x0000000008000808       0x14 /usr/bin/../lib/gcc/arm-none-eabi/4.9.3/armv6-m/libgcc.a(_thumb1_case_uqi.o)
                0x0000000008000808                __gnu_thumb1_case_uqi
                0x000000000800081c                . = ALIGN (0x4)
 *(.rodata*)
 .rodata.gamma_lookup
                0x000000000800081c      0x800 HAL.o
                0x000000000800101c                . = ALIGN (0x4)

.glue_7         0x000000000800101c        0x0
 .glue_7        0x0000000000000000        0x0 linker stubs

.glue_7t        0x000000000800101c        0x0
 .glue_7t       0x0000000000000000        0x0 linker stubs

.vfp11_veneer   0x000000000800101c        0x0
 .vfp11_veneer  0x0000000000000000        0x0 linker stubs

.v4_bx          0x000000000800101c        0x0
 .v4_bx         0x0000000000000000        0x0 linker stubs

.iplt           0x000000000800101c        0x0
 .iplt          0x0000000000000000        0x0 comm.o

.rel.dyn        0x000000000800101c        0x0
 .rel.iplt      0x0000000000000000        0x0 comm.o

.preinit_array  0x000000000800101c        0x0
                0x000000000800101c                . = ALIGN (0x4)
                0x000000000800101c                __preinit_array_start = .
 *(.preinit_array)
                0x000000000800101c                __preinit_array_end = .

.init_array     0x000000000800101c        0x0
                0x000000000800101c                . = ALIGN (0x4)
                0x000000000800101c                __init_array_start = .
 *(SORT(.init_array.*))
 *(.init_array)
                0x000000000800101c                __init_array_end = .

.fini_array     0x000000000800101c        0x0
                0x000000000800101c                . = ALIGN (0x4)
                0x000000000800101c                __fini_array_start = .
 *(.fini_array)
 *(SORT(.fini_array.*))
                0x000000000800101c                __fini_array_end = .

.ARM.extab
 *(.ARM.extab*)

.ARM.exidx      0x000000000800101c        0x0
                0x000000000800101c                __exidx_start = .
 *(.ARM.exidx*)
                0x000000000800101c                __exidx_end = .
                0x000000000800101c                . = ALIGN (0x4)
                0x000000000800101c                _etext = .

.data           0x0000000020000000        0x0 load address 0x000000000800101c
                0x0000000020000000                _data = .
 *(.data*)
                0x0000000020000000                . = ALIGN (0x4)
                0x0000000020000000                _edata = .
                0x000000000800101c                _data_loadaddr = LOADADDR (.data)

.igot.plt       0x0000000020000000        0x0 load address 0x000000000800101c
 .igot.plt      0x0000000000000000        0x0 comm.o

.bss            0x0000000020000000        0x0 load address 0x000000000800101c
 *(.bss*)
 *(COMMON)
                0x0000000020000000                . = ALIGN (0x4)
                0x0000000020000000                _ebss = .

/DISCARD/
 *(.eh_frame)
                0x0000000020000000                . = ALIGN (0x4)
                0x0000000020000000                end = .
                0x0000000020000800                PROVIDE (_stack, (ORIGIN (ram) + 0x800))
OUTPUT(main.elf elf32-littlearm)

.debug_info     0x0000000000000000     0x2fff
 .debug_info    0x0000000000000000      0x9d7 HAL.o
 .debug_info    0x00000000000009d7      0x15e main.o
 .debug_info    0x0000000000000b35      0x3d4 ../libopencm3/lib/libopencm3_stm32l0.a(rcc.o)
 .debug_info    0x0000000000000f09     0x114e ../libopencm3/lib/libopencm3_stm32l0.a(timer_common_all.o)
 .debug_info    0x0000000000002057      0x22c ../libopencm3/lib/libopencm3_stm32l0.a(gpio_common_all.o)
 .debug_info    0x0000000000002283      0x1f3 ../libopencm3/lib/libopencm3_stm32l0.a(gpio_common_f0234.o)
 .debug_info    0x0000000000002476      0x521 ../libopencm3/lib/libopencm3_stm32l0.a(rcc_common_all.o)
 .debug_info    0x0000000000002997      0x2a3 ../libopencm3/lib/libopencm3_stm32l0.a(vector.o)
 .debug_info    0x0000000000002c3a      0x215 ../libopencm3/lib/libopencm3_stm32l0.a(systick.o)
 .debug_info    0x0000000000002e4f      0x1b0 ../libopencm3/lib/libopencm3_stm32l0.a(nvic.o)

.debug_abbrev   0x0000000000000000      0xab5
 .debug_abbrev  0x0000000000000000      0x13d HAL.o
 .debug_abbrev  0x000000000000013d       0xe4 main.o
 .debug_abbrev  0x0000000000000221      0x18d ../libopencm3/lib/libopencm3_stm32l0.a(rcc.o)
 .debug_abbrev  0x00000000000003ae      0x168 ../libopencm3/lib/libopencm3_stm32l0.a(timer_common_all.o)
 .debug_abbrev  0x0000000000000516      0x10e ../libopencm3/lib/libopencm3_stm32l0.a(gpio_common_all.o)
 .debug_abbrev  0x0000000000000624       0xb7 ../libopencm3/lib/libopencm3_stm32l0.a(gpio_common_f0234.o)
 .debug_abbrev  0x00000000000006db       0xd0 ../libopencm3/lib/libopencm3_stm32l0.a(rcc_common_all.o)
 .debug_abbrev  0x00000000000007ab      0x12b ../libopencm3/lib/libopencm3_stm32l0.a(vector.o)
 .debug_abbrev  0x00000000000008d6      0x139 ../libopencm3/lib/libopencm3_stm32l0.a(systick.o)
 .debug_abbrev  0x0000000000000a0f       0xa6 ../libopencm3/lib/libopencm3_stm32l0.a(nvic.o)

.debug_loc      0x0000000000000000     0x14fe
 .debug_loc     0x0000000000000000       0xda HAL.o
 .debug_loc     0x00000000000000da      0x278 ../libopencm3/lib/libopencm3_stm32l0.a(rcc.o)
 .debug_loc     0x0000000000000352      0xc30 ../libopencm3/lib/libopencm3_stm32l0.a(timer_common_all.o)
 .debug_loc     0x0000000000000f82       0x76 ../libopencm3/lib/libopencm3_stm32l0.a(gpio_common_all.o)
 .debug_loc     0x0000000000000ff8      0x17f ../libopencm3/lib/libopencm3_stm32l0.a(gpio_common_f0234.o)
 .debug_loc     0x0000000000001177      0x108 ../libopencm3/lib/libopencm3_stm32l0.a(rcc_common_all.o)
 .debug_loc     0x000000000000127f       0xba ../libopencm3/lib/libopencm3_stm32l0.a(vector.o)
 .debug_loc     0x0000000000001339       0xc5 ../libopencm3/lib/libopencm3_stm32l0.a(systick.o)
 .debug_loc     0x00000000000013fe      0x100 ../libopencm3/lib/libopencm3_stm32l0.a(nvic.o)

.debug_aranges  0x0000000000000000      0x580
 .debug_aranges
                0x0000000000000000       0x60 HAL.o
 .debug_aranges
                0x0000000000000060       0x20 main.o
 .debug_aranges
                0x0000000000000080       0xa8 ../libopencm3/lib/libopencm3_stm32l0.a(rcc.o)
 .debug_aranges
                0x0000000000000128      0x278 ../libopencm3/lib/libopencm3_stm32l0.a(timer_common_all.o)
 .debug_aranges
                0x00000000000003a0       0x50 ../libopencm3/lib/libopencm3_stm32l0.a(gpio_common_all.o)
 .debug_aranges
                0x00000000000003f0       0x30 ../libopencm3/lib/libopencm3_stm32l0.a(gpio_common_f0234.o)
 .debug_aranges
                0x0000000000000420       0x68 ../libopencm3/lib/libopencm3_stm32l0.a(rcc_common_all.o)
 .debug_aranges
                0x0000000000000488       0x30 ../libopencm3/lib/libopencm3_stm32l0.a(vector.o)
 .debug_aranges
                0x00000000000004b8       0x78 ../libopencm3/lib/libopencm3_stm32l0.a(systick.o)
 .debug_aranges
                0x0000000000000530       0x50 ../libopencm3/lib/libopencm3_stm32l0.a(nvic.o)

.debug_ranges   0x0000000000000000      0x4f8
 .debug_ranges  0x0000000000000000       0x50 HAL.o
 .debug_ranges  0x0000000000000050       0x10 main.o
 .debug_ranges  0x0000000000000060       0x98 ../libopencm3/lib/libopencm3_stm32l0.a(rcc.o)
 .debug_ranges  0x00000000000000f8      0x268 ../libopencm3/lib/libopencm3_stm32l0.a(timer_common_all.o)
 .debug_ranges  0x0000000000000360       0x40 ../libopencm3/lib/libopencm3_stm32l0.a(gpio_common_all.o)
 .debug_ranges  0x00000000000003a0       0x20 ../libopencm3/lib/libopencm3_stm32l0.a(gpio_common_f0234.o)
 .debug_ranges  0x00000000000003c0       0x58 ../libopencm3/lib/libopencm3_stm32l0.a(rcc_common_all.o)
 .debug_ranges  0x0000000000000418       0x20 ../libopencm3/lib/libopencm3_stm32l0.a(vector.o)
 .debug_ranges  0x0000000000000438       0x80 ../libopencm3/lib/libopencm3_stm32l0.a(systick.o)
 .debug_ranges  0x00000000000004b8       0x40 ../libopencm3/lib/libopencm3_stm32l0.a(nvic.o)

.debug_line     0x0000000000000000     0x1f60
 .debug_line    0x0000000000000000      0x272 HAL.o
 .debug_line    0x0000000000000272       0xad main.o
 .debug_line    0x000000000000031f      0x3b7 ../libopencm3/lib/libopencm3_stm32l0.a(rcc.o)
 .debug_line    0x00000000000006d6      0x8cb ../libopencm3/lib/libopencm3_stm32l0.a(timer_common_all.o)
 .debug_line    0x0000000000000fa1      0x2d0 ../libopencm3/lib/libopencm3_stm32l0.a(gpio_common_all.o)
 .debug_line    0x0000000000001271      0x2bd ../libopencm3/lib/libopencm3_stm32l0.a(gpio_common_f0234.o)
 .debug_line    0x000000000000152e      0x2dc ../libopencm3/lib/libopencm3_stm32l0.a(rcc_common_all.o)
 .debug_line    0x000000000000180a      0x2a7 ../libopencm3/lib/libopencm3_stm32l0.a(vector.o)
 .debug_line    0x0000000000001ab1      0x260 ../libopencm3/lib/libopencm3_stm32l0.a(systick.o)
 .debug_line    0x0000000000001d11      0x24f ../libopencm3/lib/libopencm3_stm32l0.a(nvic.o)

.debug_str      0x0000000000000000     0xfee7
 .debug_str     0x0000000000000000      0x6da HAL.o
                                        0x77f (size before relaxing)
 .debug_str     0x00000000000006da        0x7 main.o
                                        0x1fc (size before relaxing)
 .debug_str     0x00000000000006e1     0x60b2 ../libopencm3/lib/libopencm3_stm32l0.a(rcc.o)
                                       0x6291 (size before relaxing)
 .debug_str     0x0000000000006793     0x6148 ../libopencm3/lib/libopencm3_stm32l0.a(timer_common_all.o)
                                       0xc2e3 (size before relaxing)
 .debug_str     0x000000000000c8db     0x14fd ../libopencm3/lib/libopencm3_stm32l0.a(gpio_common_all.o)
                                       0x5207 (size before relaxing)
 .debug_str     0x000000000000ddd8       0x61 ../libopencm3/lib/libopencm3_stm32l0.a(gpio_common_f0234.o)
                                       0x5229 (size before relaxing)
 .debug_str     0x000000000000de39      0x13b ../libopencm3/lib/libopencm3_stm32l0.a(rcc_common_all.o)
                                       0x653f (size before relaxing)
 .debug_str     0x000000000000df74     0x12ef ../libopencm3/lib/libopencm3_stm32l0.a(vector.o)
                                       0x474f (size before relaxing)
 .debug_str     0x000000000000f263      0x2eb ../libopencm3/lib/libopencm3_stm32l0.a(systick.o)
                                       0x37bc (size before relaxing)
 .debug_str     0x000000000000f54e      0x999 ../libopencm3/lib/libopencm3_stm32l0.a(nvic.o)
                                       0x425c (size before relaxing)

.comment        0x0000000000000000       0x70
 .comment       0x0000000000000000       0x70 HAL.o
                                         0x71 (size before relaxing)
 .comment       0x0000000000000000       0x71 main.o
 .comment       0x0000000000000000       0x71 ../libopencm3/lib/libopencm3_stm32l0.a(rcc.o)
 .comment       0x0000000000000000       0x71 ../libopencm3/lib/libopencm3_stm32l0.a(timer_common_all.o)
 .comment       0x0000000000000000       0x71 ../libopencm3/lib/libopencm3_stm32l0.a(gpio_common_all.o)
 .comment       0x0000000000000000       0x71 ../libopencm3/lib/libopencm3_stm32l0.a(gpio_common_f0234.o)
 .comment       0x0000000000000000       0x71 ../libopencm3/lib/libopencm3_stm32l0.a(rcc_common_all.o)
 .comment       0x0000000000000000       0x71 ../libopencm3/lib/libopencm3_stm32l0.a(vector.o)
 .comment       0x0000000000000000       0x71 ../libopencm3/lib/libopencm3_stm32l0.a(systick.o)
 .comment       0x0000000000000000       0x71 ../libopencm3/lib/libopencm3_stm32l0.a(nvic.o)

.ARM.attributes
                0x0000000000000000       0x32
 .ARM.attributes
                0x0000000000000000       0x32 HAL.o
 .ARM.attributes
                0x0000000000000032       0x32 main.o
 .ARM.attributes
                0x0000000000000064       0x32 ../libopencm3/lib/libopencm3_stm32l0.a(rcc.o)
 .ARM.attributes
                0x0000000000000096       0x32 ../libopencm3/lib/libopencm3_stm32l0.a(timer_common_all.o)
 .ARM.attributes
                0x00000000000000c8       0x32 ../libopencm3/lib/libopencm3_stm32l0.a(gpio_common_all.o)
 .ARM.attributes
                0x00000000000000fa       0x32 ../libopencm3/lib/libopencm3_stm32l0.a(gpio_common_f0234.o)
 .ARM.attributes
                0x000000000000012c       0x32 ../libopencm3/lib/libopencm3_stm32l0.a(rcc_common_all.o)
 .ARM.attributes
                0x000000000000015e       0x32 ../libopencm3/lib/libopencm3_stm32l0.a(vector.o)
 .ARM.attributes
                0x0000000000000190       0x32 ../libopencm3/lib/libopencm3_stm32l0.a(systick.o)
 .ARM.attributes
                0x00000000000001c2       0x32 ../libopencm3/lib/libopencm3_stm32l0.a(nvic.o)
 .ARM.attributes
                0x00000000000001f4       0x1e /usr/bin/../lib/gcc/arm-none-eabi/4.9.3/armv6-m/libgcc.a(_thumb1_case_sqi.o)
 .ARM.attributes
                0x0000000000000212       0x1e /usr/bin/../lib/gcc/arm-none-eabi/4.9.3/armv6-m/libgcc.a(_thumb1_case_uqi.o)

.debug_frame    0x0000000000000000      0xb38
 .debug_frame   0x0000000000000000       0xe8 HAL.o
 .debug_frame   0x00000000000000e8       0x28 main.o
 .debug_frame   0x0000000000000110      0x178 ../libopencm3/lib/libopencm3_stm32l0.a(rcc.o)
 .debug_frame   0x0000000000000288      0x568 ../libopencm3/lib/libopencm3_stm32l0.a(timer_common_all.o)
 .debug_frame   0x00000000000007f0       0x80 ../libopencm3/lib/libopencm3_stm32l0.a(gpio_common_all.o)
 .debug_frame   0x0000000000000870       0x70 ../libopencm3/lib/libopencm3_stm32l0.a(gpio_common_f0234.o)
 .debug_frame   0x00000000000008e0       0xc0 ../libopencm3/lib/libopencm3_stm32l0.a(rcc_common_all.o)
 .debug_frame   0x00000000000009a0       0x40 ../libopencm3/lib/libopencm3_stm32l0.a(vector.o)
 .debug_frame   0x00000000000009e0       0xd8 ../libopencm3/lib/libopencm3_stm32l0.a(systick.o)
 .debug_frame   0x0000000000000ab8       0x80 ../libopencm3/lib/libopencm3_stm32l0.a(nvic.o)

.debug_macro    0x0000000000000000     0x3939
 .debug_macro   0x0000000000000000       0xb5 ../libopencm3/lib/libopencm3_stm32l0.a(rcc.o)
 .debug_macro   0x00000000000000b5      0x820 ../libopencm3/lib/libopencm3_stm32l0.a(rcc.o)
 .debug_macro   0x00000000000008d5       0x22 ../libopencm3/lib/libopencm3_stm32l0.a(rcc.o)
 .debug_macro   0x00000000000008f7       0x44 ../libopencm3/lib/libopencm3_stm32l0.a(rcc.o)
 .debug_macro   0x000000000000093b       0xe3 ../libopencm3/lib/libopencm3_stm32l0.a(rcc.o)
 .debug_macro   0x0000000000000a1e       0x22 ../libopencm3/lib/libopencm3_stm32l0.a(rcc.o)
 .debug_macro   0x0000000000000a40      0x1df ../libopencm3/lib/libopencm3_stm32l0.a(rcc.o)
 .debug_macro   0x0000000000000c1f       0x22 ../libopencm3/lib/libopencm3_stm32l0.a(rcc.o)
 .debug_macro   0x0000000000000c41       0xfa ../libopencm3/lib/libopencm3_stm32l0.a(rcc.o)
 .debug_macro   0x0000000000000d3b       0x16 ../libopencm3/lib/libopencm3_stm32l0.a(rcc.o)
 .debug_macro   0x0000000000000d51       0x34 ../libopencm3/lib/libopencm3_stm32l0.a(rcc.o)
 .debug_macro   0x0000000000000d85      0x148 ../libopencm3/lib/libopencm3_stm32l0.a(rcc.o)
 .debug_macro   0x0000000000000ecd      0x8a4 ../libopencm3/lib/libopencm3_stm32l0.a(rcc.o)
 .debug_macro   0x0000000000001771       0xce ../libopencm3/lib/libopencm3_stm32l0.a(timer_common_all.o)
 .debug_macro   0x000000000000183f      0xf4d ../libopencm3/lib/libopencm3_stm32l0.a(timer_common_all.o)
 .debug_macro   0x000000000000278c      0x37a ../libopencm3/lib/libopencm3_stm32l0.a(timer_common_all.o)
 .debug_macro   0x0000000000002b06       0xc8 ../libopencm3/lib/libopencm3_stm32l0.a(gpio_common_all.o)
 .debug_macro   0x0000000000002bce       0x76 ../libopencm3/lib/libopencm3_stm32l0.a(gpio_common_all.o)
 .debug_macro   0x0000000000002c44      0x2e6 ../libopencm3/lib/libopencm3_stm32l0.a(gpio_common_all.o)
 .debug_macro   0x0000000000002f2a      0x14e ../libopencm3/lib/libopencm3_stm32l0.a(gpio_common_all.o)
 .debug_macro   0x0000000000003078       0x3a ../libopencm3/lib/libopencm3_stm32l0.a(gpio_common_all.o)
 .debug_macro   0x00000000000030b2       0xc8 ../libopencm3/lib/libopencm3_stm32l0.a(gpio_common_f0234.o)
 .debug_macro   0x000000000000317a       0xc0 ../libopencm3/lib/libopencm3_stm32l0.a(rcc_common_all.o)
 .debug_macro   0x000000000000323a       0xc1 ../libopencm3/lib/libopencm3_stm32l0.a(vector.o)
 .debug_macro   0x00000000000032fb      0x1b1 ../libopencm3/lib/libopencm3_stm32l0.a(vector.o)
 .debug_macro   0x00000000000034ac       0x46 ../libopencm3/lib/libopencm3_stm32l0.a(vector.o)
 .debug_macro   0x00000000000034f2       0xca ../libopencm3/lib/libopencm3_stm32l0.a(vector.o)
 .debug_macro   0x00000000000035bc       0x84 ../libopencm3/lib/libopencm3_stm32l0.a(systick.o)
 .debug_macro   0x0000000000003640       0x64 ../libopencm3/lib/libopencm3_stm32l0.a(systick.o)
 .debug_macro   0x00000000000036a4       0xa5 ../libopencm3/lib/libopencm3_stm32l0.a(nvic.o)
 .debug_macro   0x0000000000003749       0x40 ../libopencm3/lib/libopencm3_stm32l0.a(nvic.o)
 .debug_macro   0x0000000000003789      0x1b0 ../libopencm3/lib/libopencm3_stm32l0.a(nvic.o)
